Microsoft Windows [版本 10.0.17134.345]
(c) 2018 Microsoft Corporation。保留所有权利。

C:\WINDOWS\system32>mysql -u root -p
Enter password: ***********
Welcome to the MySQL monitor.  Commands end with ; or \g.
Your MySQL connection id is 38
Server version: 8.0.12 MySQL Community Server - GPL

Copyright (c) 2000, 2018, Oracle and/or its affiliates. All rights reserved.

Oracle is a registered trademark of Oracle Corporation and/or its
affiliates. Other names may be trademarks of their respective
owners.

Type 'help;' or '\h' for help. Type '\c' to clear the current input statement.

mysql> show databases;
+--------------------+
| Database           |
+--------------------+
| cart               |
| information_schema |
| mysql              |
| performance_schema |
| shoppingzz         |
| sys                |
| zhaozhao           |
| zz                 |
+--------------------+
8 rows in set (0.01 sec)

mysql> use zhaozhao;
Database changed
mysql> show tables;
+--------------------+
| Tables_in_zhaozhao |
+--------------------+
| countries          |
| departments        |
| employees          |
| job_history        |
| jobs               |
| locations          |
| new_table          |
| regions            |
| zhishubaobao       |
+--------------------+
9 rows in set (0.01 sec)

mysql> select * from departments;
+---------------+----------------------+------------+-------------+
| DEPARTMENT_ID | DEPARTMENT_NAME      | MANAGER_ID | LOCATION_ID |
+---------------+----------------------+------------+-------------+
|            10 | Administration       | 200        | 1700        |
|            20 | Marketing            | 201        | 1800        |
|            30 | Purchasing           | 114        | 1700        |
|            40 | Human Resources      | 203        | 2400        |
|            50 | Shipping             | 121        | 1500        |
|            60 | IT                   | 103        | 1400        |
|            70 | Public Relations     | 204        | 2700        |
|            80 | Sales                | 145        | 2500        |
|            90 | Executive            | 100        | 1700        |
|           100 | Finance              | 108        | 1700        |
|           110 | Accounting           | 205        | 1700        |
|           120 | Treasury             |            | 1700        |
|           130 | Corporate Tax        |            | 1700        |
|           140 | Control And Credit   |            | 1700        |
|           150 | Shareholder Services |            | 1700        |
|           160 | Benefits             |            | 1700        |
|           170 | Manufacturing        |            | 1700        |
|           180 | Construction         |            | 1700        |
|           190 | Contracting          |            | 1700        |
|           200 | Operations           |            | 1700        |
|           210 | IT Support           |            | 1700        |
|           220 | NOC                  |            | 1700        |
|           230 | IT Helpdesk          |            | 1700        |
|           240 | Government Sales     |            | 1700        |
|           250 | Retail Sales         |            | 1700        |
|           260 | Recruiting           |            | 1700        |
|           270 | Payroll              |            | 1700        |
+---------------+----------------------+------------+-------------+
27 rows in set (0.00 sec)

mysql> select distinct manager_id from department;
ERROR 1146 (42S02): Table 'zhaozhao.department' doesn't exist
mysql> select distinct manager_id from departments;
+------------+
| manager_id |
+------------+
| 200        |
| 201        |
| 114        |
| 203        |
| 121        |
| 103        |
| 204        |
| 145        |
| 100        |
| 108        |
| 205        |
|            |
+------------+
12 rows in set (0.00 sec)

mysql> select * from departments where manager_id>230;
Empty set (0.00 sec)

mysql> select * from departments where manager_id>150;
+---------------+------------------+------------+-------------+
| DEPARTMENT_ID | DEPARTMENT_NAME  | MANAGER_ID | LOCATION_ID |
+---------------+------------------+------------+-------------+
|            10 | Administration   | 200        | 1700        |
|            20 | Marketing        | 201        | 1800        |
|            40 | Human Resources  | 203        | 2400        |
|            70 | Public Relations | 204        | 2700        |
|           110 | Accounting       | 205        | 1700        |
+---------------+------------------+------------+-------------+
5 rows in set (0.00 sec)

mysql> select * from departments order by  manager_id;
+---------------+----------------------+------------+-------------+
| DEPARTMENT_ID | DEPARTMENT_NAME      | MANAGER_ID | LOCATION_ID |
+---------------+----------------------+------------+-------------+
|           120 | Treasury             |            | 1700        |
|           130 | Corporate Tax        |            | 1700        |
|           140 | Control And Credit   |            | 1700        |
|           150 | Shareholder Services |            | 1700        |
|           160 | Benefits             |            | 1700        |
|           170 | Manufacturing        |            | 1700        |
|           180 | Construction         |            | 1700        |
|           190 | Contracting          |            | 1700        |
|           200 | Operations           |            | 1700        |
|           210 | IT Support           |            | 1700        |
|           220 | NOC                  |            | 1700        |
|           230 | IT Helpdesk          |            | 1700        |
|           240 | Government Sales     |            | 1700        |
|           250 | Retail Sales         |            | 1700        |
|           260 | Recruiting           |            | 1700        |
|           270 | Payroll              |            | 1700        |
|            90 | Executive            | 100        | 1700        |
|            60 | IT                   | 103        | 1400        |
|           100 | Finance              | 108        | 1700        |
|            30 | Purchasing           | 114        | 1700        |
|            50 | Shipping             | 121        | 1500        |
|            80 | Sales                | 145        | 2500        |
|            10 | Administration       | 200        | 1700        |
|            20 | Marketing            | 201        | 1800        |
|            40 | Human Resources      | 203        | 2400        |
|            70 | Public Relations     | 204        | 2700        |
|           110 | Accounting           | 205        | 1700        |
+---------------+----------------------+------------+-------------+
27 rows in set (0.00 sec)

mysql> select sum(manager_id) from departments;
+-----------------+
| sum(manager_id) |
+-----------------+
|            1704 |
+-----------------+
1 row in set (0.01 sec)

mysql> select manager_id,sum(manager_id) from departments group by manager_id;
+------------+-----------------+
| manager_id | sum(manager_id) |
+------------+-----------------+
| 200        |             200 |
| 201        |             201 |
| 114        |             114 |
| 203        |             203 |
| 121        |             121 |
| 103        |             103 |
| 204        |             204 |
| 145        |             145 |
| 100        |             100 |
| 108        |             108 |
| 205        |             205 |
|            |               0 |
+------------+-----------------+
12 rows in set (0.01 sec)

mysql>![屏幕截图(69)](C:\Users\MI\Pictures\Screenshots\屏幕截图(69).png)

![屏幕截图(70)](C:\Users\MI\Pictures\Screenshots\屏幕截图(70).png)

![屏幕截图(71)](C:\Users\MI\Pictures\Screenshots\屏幕截图(71).png)

![屏幕截图(72)](C:\Users\MI\Pictures\Screenshots\屏幕截图(72).png)